# 2026-10-09T05:13:57Z /Users/gideonsarfo/Developer/kone-wt/p6-queue zsh -c cd apps/desktop && bun test
bun test v1.2.16 (631e6748)

src/renderScope.test.ts:
(pass) renderScope > passes work through that finishes inside the deadline [2.63ms]
(pass) renderScope > stops any step still running when the deadline passes [22.15ms]
(pass) renderScope > stops the step in flight the moment the caller aborts [0.85ms]
(pass) renderScope > starts stopped when the caller has already aborted [0.34ms]

src/pageProtocol.test.ts:
(pass) resolvePageTarget > names a stored page by its attachment id [0.91ms]
(pass) resolvePageTarget > names a held preview by its token
(pass) resolvePageTarget > serves the document alone, never a path inside it [0.18ms]
(pass) resolvePageTarget > refuses anything that is not a page address [0.35ms]
(pass) previews > are held until released [0.35ms]
(pass) pageResponse > serves the page sandboxed, with the bootstrap ahead of it [1.45ms]
(pass) servePage > serves a held preview under the page's sandbox [0.21ms]
(pass) servePage > answers 404 for a released preview, a path inside a page, or no page address at all

src/chrome.test.ts:
(pass) getMacTrafficLightPosition > positions the traffic-light row with compact top inset [0.38ms]
(pass) titleBarOptions > darwin keeps the native traffic lights and insets them in the content [0.05ms]
(pass) titleBarOptions > win32 drops the frame for renderer-drawn caption buttons
(pass) titleBarOptions > linux drops the frame for renderer-drawn caption buttons
(pass) windowChromeState > reads both maximized and fullscreen flags [0.02ms]
(pass) windowChromeState > reports false for both flags when the window is normal [0.02ms]
(pass) windowChromeState > reflects fullscreen independently of maximized

src/localImageProtocol.test.ts:
(pass) isPathInside > accepts a descendant and refuses the root, a sibling and a parent [0.45ms]
(pass) isPathInside > a file whose name starts with dots is still inside [0.02ms]
(pass) local image grants > a file in the workspace is allowed, from a subfolder cwd too [4.97ms]
(pass) local image grants > a file in the temp folder is allowed without a cwd [0.34ms]
(pass) local image grants > the real system temp folder is allowed by default [0.26ms]
(pass) local image grants > a folder named in place of a thread opens nothing [0.43ms]
(pass) local image grants > a .txt in the temp folder is refused [0.06ms]
(pass) local image grants > a file outside every allowed folder is refused [0.36ms]
(pass) local image grants > a symlink in the workspace pointing outside it is refused [0.51ms]
(pass) local image grants > relative, empty, NUL-bearing and missing paths are refused [0.13ms]
(pass) local image grants > a folder is refused even with an image extension [0.22ms]
(pass) local image grants > a cwd at the filesystem root opens nothing [0.34ms]
(pass) local image grants > a file replaced after the grant is not served [0.57ms]
(pass) local image grants > an expired token is not served [0.22ms]
(pass) local image grants > unknown tokens and other schemes are not served [0.05ms]

src/appProtocol.test.ts:
(pass) resolveAppProtocolPath > unfixed path.join after decodeURIComponent escapes the renderer root
(pass) resolveAppProtocolPath > maps app://./ and empty pathname to renderer index.html [0.82ms]
(pass) resolveAppProtocolPath > maps a renderer asset under the root [0.04ms]
(pass) resolveAppProtocolPath > refuses encoded-slash traversal to a host file [0.02ms]
(pass) resolveAppProtocolPath > refuses leftover .. segments [0.03ms]
(pass) resolveAppProtocolPath > malformed percent-encoding fails closed [0.05ms]
(pass) resolveAppProtocolPath > NUL in the pathname fails closed [0.02ms]
(pass) resolveAppProtocolPath > unparseable URL fails closed [0.03ms]
(pass) resolveAppProtocolPath > contained path is never a prefix-sibling of the renderer root

src/mainLog.test.ts:
(pass) the main process log > every console line lands in the file, stamped with its level, and still prints [2.22ms]
(pass) the main process log > a full log moves aside and starts over [0.42ms]
(pass) the main process log > a log that can't be written leaves the console working [0.15ms]
(pass) the main process log > the undo puts the console back [0.05ms]

src/windowState.test.ts:
(pass) renderer recovery gate > allows up to MAX_ATTEMPTS reloads within the rolling window [0.09ms]
(pass) renderer recovery gate > re-allows recovery once attempts age out of the window [0.04ms]
(pass) renderer recovery gate > attempts recorded before the window are pruned, not counted
(pass) renderer recovery gate > gates are per-window instances with independent counters
(pass) renderer recovery gate > defaults: 500ms reload delay, 3 attempts, 60s window
(pass) getInitialWindowState restore > rejects non-finite saved dimensions instead of opening with Infinity [1.85ms]
(pass) getInitialWindowState restore > clamps a saved size that is larger than the current display [0.24ms]
(pass) getInitialWindowState restore > centers a window saved on an unplugged display instead of dropping x/y [0.28ms]
(pass) getInitialWindowState restore > close without a user move does not overwrite unrestorable saved bounds [0.28ms]
(pass) getInitialWindowState restore > falls back to finite defaults when the display list is unavailable [0.15ms]
(pass) parsePersistedWindowState > accepts a well-formed persisted state
(pass) parsePersistedWindowState > rejects a non-positive, non-number, or missing width [0.21ms]
(pass) parsePersistedWindowState > rejects a non-object value [0.02ms]
(pass) parsePersistedWindowState > rejects a width of 1e309, which JSON.parse turns into Infinity [0.05ms]
(pass) parsePersistedWindowState > omits x when it is not a number but still returns width and height [0.02ms]
(pass) resolveVisibleWindowState > keeps visible saved bounds unchanged with persistEnabled true [0.03ms]
(pass) resolveVisibleWindowState > centers off-screen saved bounds on the work area with persistEnabled false
(pass) resolveVisibleWindowState > clamps an oversized saved size to the work area with persistEnabled true
(pass) resolveVisibleWindowState > keeps bounds on the display with the largest intersection
(pass) resolveVisibleWindowState > omits x and y when no work areas are available and reports persistEnabled false
(pass) manageWindowState > writes the new bounds after a user move from an off-display restore [0.49ms]
(pass) manageWindowState > registers a maximize listener [0.06ms]

src/attachmentProtocol.test.ts:
(pass) resolveAttachmentProtocolPath > resolves standard attachment://<id> URL [0.25ms]
(pass) resolveAttachmentProtocolPath > resolves attachment://<id>/<fileName> URL
(pass) resolveAttachmentProtocolPath > resolves pathname style attachment:///att_xxx
(pass) resolveAttachmentProtocolPath > refuses non-attachment protocols [0.16ms]
(pass) resolveAttachmentProtocolPath > refuses directory traversal attempts in attachment id [0.04ms]
(pass) resolveAttachmentProtocolPath > refuses invalid / unsanitized attachment id patterns
(pass) resolveAttachmentProtocolPath > returns null when attachment id is not found in store
(pass) resolveAttachmentProtocolPath > fails closed on unparseable URL

src/lib/singleFlightCache.test.ts:
(pass) createKeyedSingleFlightCache > concurrent get for the same key calls load once and shares the value [1.74ms]
(pass) createKeyedSingleFlightCache > different keys load independently [1.32ms]
(pass) createKeyedSingleFlightCache > a cached value within its TTL is served without a second load
(pass) createKeyedSingleFlightCache > ttlMs 0 never caches but still coalesces while in flight [1.39ms]
(pass) createKeyedSingleFlightCache > invalidate during an in-flight load fences the stale result [2.67ms]
(pass) createKeyedSingleFlightCache > invalidateAll prevents a subsequent get from hitting the previous cache [0.16ms]
(pass) createKeyedSingleFlightCache > invalidateAll fences a load already in flight [2.57ms]
(pass) createKeyedSingleFlightCache > maxEntries evicts the oldest entry in LRU order [0.09ms]
(pass) createKeyedSingleFlightCache > a rejected load is not cached and a later get retries [0.16ms]

src/lib/safeExternalUrl.test.ts:
(pass) parseSafeExternalUrl > passes an https URL through unchanged [0.34ms]
(pass) parseSafeExternalUrl > allows http URLs (local dev servers) [0.04ms]
(pass) parseSafeExternalUrl > canonicalizes per WHATWG: host lowercased, path case kept
(pass) parseSafeExternalUrl > refuses file: URLs
(pass) parseSafeExternalUrl > refuses javascript: URLs
(pass) parseSafeExternalUrl > refuses unknown custom protocols
(pass) parseSafeExternalUrl > refuses an empty string [0.02ms]
(pass) parseSafeExternalUrl > refuses non-string inputs [0.05ms]
(pass) parseSafeExternalUrl > refuses a bare scheme with no URL [0.02ms]
(pass) parseSafeExternalUrl > refuses input that is not a URL at all
(pass) isRendererOriginNavigation > matches the same protocol and host as the application URL
(pass) isRendererOriginNavigation > rejects a different host entirely
(pass) isRendererOriginNavigation > matches the custom app: scheme against itself
(pass) isRendererOriginNavigation > rejects a file: navigation from the app: origin
(pass) isRendererOriginNavigation > rejects a javascript: navigation from the app: origin [0.05ms]
(pass) isRendererOriginNavigation > rejects a navigation target that is not a URL
(pass) isRendererOriginNavigation > a different port is a different host, so it is rejected

src/lib/ipcTimeout.test.ts:
(pass) withTimeout > resolves with the task's value when the task settles before the deadline [0.57ms]
(pass) withTimeout > rejects with an IpcTimeoutError when the task never settles [20.70ms]
(pass) withTimeout > passes an AbortSignal to the task and aborts it when the timer fires [20.55ms]
(pass) withTimeout > rethrows the task's own error unchanged when the task rejects before the deadline [0.12ms]
(pass) withTimeout > clears its timer on success so the process can exit [0.05ms]

src/modules/terminal/TerminalManager.test.ts:
(pass) TerminalManager > open emits a started event with a snapshot and a monotonic sequence [3.66ms]
(pass) TerminalManager > history is sanitized (queries stripped) while the renderer gets raw bytes [1.52ms]
(pass) TerminalManager > snapshot history starts with the mode-replay preamble [0.43ms]
(pass) TerminalManager > a query split across chunks is sanitized once complete [0.26ms]
(pass) TerminalManager > sequence increments per event and is carried across restart [79.65ms]
(pass) TerminalManager > restart does not emit an exited event for the deliberate kill [27.66ms]
(pass) TerminalManager > close does not emit an exited event for the deliberate kill [29.43ms]
(pass) TerminalManager > backpressure: pauses the PTY past the high watermark, resumes on acks [40.24ms]
(pass) TerminalManager > restart resets history and re-spawns via the seam [117.15ms]
(pass) TerminalManager > exit emits an exited event with code and stops the session [20.96ms]
(pass) TerminalManager > close emits closed and a later open spawns fresh [58.79ms]
(pass) TerminalManager > restart preserves the session's env [29.82ms]
(pass) TerminalManager > restarting a missing session throws [0.14ms]
(pass) TerminalManager > activity polling takes one shared snapshot per tick for every terminal [1158.24ms]
(pass) TerminalManager > failed snapshots keep the last known state and back off [1138.55ms]
(pass) TerminalManager.closeIdleInDir > closes only shells proven idle by a fresh snapshot [2105.62ms]
(pass) TerminalManager.closeIdleInDir > closes nothing when the process snapshot is unavailable [1062.33ms]
(pass) TerminalManager.closeIdleInDir > revalidates each shell right before closing it [2115.21ms]
(pass) TerminalManager.closeIdleInDir > ignores shells in another directory [1055.02ms]

src/modules/terminal/sanitize.test.ts:
(pass) sanitizeTerminalHistoryChunk > strips CSI queries > device status report queries (final n)
(pass) sanitizeTerminalHistoryChunk > strips CSI queries > cursor position report replies (final R) [0.19ms]
(pass) sanitizeTerminalHistoryChunk > strips CSI queries > device attribute queries/replies (final c) [0.01ms]
(pass) sanitizeTerminalHistoryChunk > strips CSI queries > XTVERSION query (final >q)
(pass) sanitizeTerminalHistoryChunk > strips CSI queries > Kitty keyboard protocol query (final ?u)
(pass) sanitizeTerminalHistoryChunk > strips CSI queries > DECRQM mode queries (…$p) and DECRPM replies (…$y)
(pass) sanitizeTerminalHistoryChunk > strips CSI queries > DECRQSS-style ?$u query
(pass) sanitizeTerminalHistoryChunk > strips CSI queries > 8-bit C1 CSI form (0x9b) [0.02ms]
(pass) sanitizeTerminalHistoryChunk > strips DCS queries and replies > DECRQSS query ($q)
(pass) sanitizeTerminalHistoryChunk > strips DCS queries and replies > XTGETTCAP query (+q)
(pass) sanitizeTerminalHistoryChunk > strips DCS queries and replies > DECRQSS/XTGETTCAP replies ([01]$r / [01]+r)
(pass) sanitizeTerminalHistoryChunk > strips DCS queries and replies > BEL-terminated DCS
(pass) sanitizeTerminalHistoryChunk > strips OSC colour queries > OSC 10;? (fg colour report)
(pass) sanitizeTerminalHistoryChunk > strips OSC colour queries > OSC 11;rgb:… (bg palette update)
(pass) sanitizeTerminalHistoryChunk > strips OSC colour queries > OSC 12;? (cursor colour report)
(pass) sanitizeTerminalHistoryChunk > keeps setters and visible content > DECSTR soft reset (!p)
(pass) sanitizeTerminalHistoryChunk > keeps setters and visible content > DECSCL conformance level ("p)
(pass) sanitizeTerminalHistoryChunk > keeps setters and visible content > DECSCUSR cursor style (space-intermediate q)
(pass) sanitizeTerminalHistoryChunk > keeps setters and visible content > restore cursor (bare u)
(pass) sanitizeTerminalHistoryChunk > keeps setters and visible content > OSC title sequences
(pass) sanitizeTerminalHistoryChunk > keeps setters and visible content > plain text
(pass) sanitizeTerminalHistoryChunk > keeps setters and visible content > SGR colour codes [0.23ms]
(pass) sanitizeTerminalHistoryChunk > keeps setters and visible content > queries stripped from a mixed stream, setters kept [0.02ms]
(pass) sanitizeTerminalHistoryChunk > chunk boundaries > a split CSI query is held pending and stripped once completed [0.01ms]
(pass) sanitizeTerminalHistoryChunk > chunk boundaries > a kept CSI sequence held pending is emitted once completed
(pass) sanitizeTerminalHistoryChunk > chunk boundaries > a split OSC query is held pending and stripped once terminated [0.01ms]
(pass) sanitizeTerminalHistoryChunk > chunk boundaries > a split OSC title is held pending and kept once terminated
(pass) sanitizeTerminalHistoryChunk > chunk boundaries > a split DCS query split across three chunks [0.02ms]
(pass) sanitizeTerminalHistoryChunk > chunk boundaries > a bare ESC at the end of a chunk stays pending [0.04ms]
(pass) sanitizeTerminalHistory > one-shot full-buffer sanitization [0.01ms]
(pass) sanitizeTerminalHistory > empty input

src/modules/terminal/Pty.test.ts:
(pass) buildPtyEnv > blocklist keys are removed even when present in the base env
(pass) buildPtyEnv > TERM and COLORTERM are pinned to the embedded terminal
(pass) buildPtyEnv > the pin wins over both the base env and the extra env [0.13ms]
(pass) buildPtyEnv > extra env wins over the base env
(pass) buildPtyEnv > arbitrary user vars pass through untouched
(pass) buildPtyEnv > undefined base values are dropped, not carried as undefined keys
(pass) createPtySubscriptions > unsubscribing an earlier onExit handler leaves later handlers subscribed
(pass) createPtySubscriptions > unsubscribing an earlier onData handler leaves later handlers subscribed

src/modules/terminal/screenText.test.ts:
(pass) renderScreenText > reads what the screen shows, not the bytes that drew it [2.62ms]
(pass) renderScreenText > keeps only the last lines asked for [1.79ms]
(pass) renderScreenText > joins a row the terminal wrapped back into one line [1.55ms]

src/modules/terminal/modeReplay.test.ts:
(pass) createModeReplayTracker > application cursor keys is replayed [0.23ms]
(pass) createModeReplayTracker > bracketed paste is replayed [0.10ms]
(pass) createModeReplayTracker > cursor hidden is replayed [0.22ms]
(pass) createModeReplayTracker > kitty keyboard protocol flags are replayed [0.08ms]
(pass) createModeReplayTracker > kitty push and pop restore the prior flags [0.36ms]
(pass) createModeReplayTracker > mouse tracking modes are NOT replayed [0.36ms]
(pass) createModeReplayTracker > synchronized output mode is replayed [0.17ms]
(pass) createModeReplayTracker > synchronized output mode set then unset is not replayed [0.13ms]
(pass) createModeReplayTracker > no modes set yields an empty preamble [0.12ms]
(pass) createModeReplayTracker > modes set then unset are not replayed [0.11ms]
(pass) createModeReplayTracker > a sequence split across feed chunks still applies [0.11ms]
(pass) createModeReplayTracker > resize keeps the tracked modes [0.66ms]
(pass) buildModeReplayPreamble > builds a preamble from a one-shot history string [0.29ms]
(pass) buildModeReplayPreamble > returns an empty preamble for plain history [0.13ms]

src/modules/system/system.test.ts:
(pass) reveal > reveals a directory via openPath with the resolved absolute path [0.65ms]
(pass) reveal > reveals a file via showItemInFolder and does not launch it [0.05ms]
(pass) reveal > rejects a path that does not exist without calling the shell [0.08ms]
(pass) reveal > rejects an empty string without calling the shell [0.02ms]
(pass) reveal > rejects a whitespace-only target without calling the shell [0.02ms]
(pass) reveal > rejects a non-string without calling the shell [0.05ms]
(pass) reveal > rejects when openPath returns an error string [0.07ms]
(pass) appearance mirror > mirrors the appearance and the library the renderer reports [0.19ms]
(pass) appearance mirror > keeps the last roster when a push carries none [0.02ms]
(pass) appearance mirror > drops an entry it cannot read and keeps the rest [0.02ms]
(pass) appearance mirror > keeps the last roster when nothing in a push survives validation [0.02ms]
(pass) appearance mirror > falls back to the theme's own appearance when it reports no schemes [0.02ms]
(pass) appearance mirror > mirrors the page theme, keeping only the variables a page is promised [0.02ms]
(pass) appearance mirror > keeps the last page theme when a push carries none it can read [0.02ms]

src/modules/jev/route.test.ts:
(pass) route > hands the request to the agent whose area it is in [1.76ms]
(pass) route > routes ordinary work a generalist could also do [0.12ms]
(pass) route > routes a near-tie between two agents rather than declining it [0.07ms]
(pass) route > keeps the default partner when it wins outright [0.07ms]
(pass) route > declines a winner barely ahead of nobody at all [0.07ms]
(pass) route > declines a choice naming somebody who is not a candidate [0.04ms]
[jev] routing failed, falling back to the default partner: JevRequestError: routing request failed (500)
 status: 500,

      at new JevRequestError (/Users/gideonsarfo/Developer/kone-wt/p6-queue/apps/desktop/src/modules/jev/client.ts:93:5)
      at once (/Users/gideonsarfo/Developer/kone-wt/p6-queue/apps/desktop/src/modules/jev/client.ts:174:11)

(pass) route > falls back rather than throwing when the call fails [0.73ms]
(pass) route > never calls out with no key configured [0.07ms]
(pass) route > never calls out with nobody to route to [0.03ms]
(pass) route > asks one question, over the request as typed [0.74ms]
[jev] routing failed, falling back to the default partner: JevRequestError: routing request failed (429)
 status: 429,

      at new JevRequestError (/Users/gideonsarfo/Developer/kone-wt/p6-queue/apps/desktop/src/modules/jev/client.ts:93:5)
      at once (/Users/gideonsarfo/Developer/kone-wt/p6-queue/apps/desktop/src/modules/jev/client.ts:174:11)

(pass) the routing deadline > stops retrying once the budget is spent, and falls back [1203.22ms]
(pass) the routing deadline > a prompt answer still wins, with no extra attempts [0.25ms]

src/modules/fs/fs.test.ts:
(pass) listDir > lists visible subdirectories with absolute paths, repo flags, and case-insensitive sort [2.16ms]
(pass) listDir > rejects an empty string instead of listing the process cwd [0.13ms]
(pass) listDir > never reports the process cwd as the listing path [0.04ms]
(pass) listDir > rejects a whitespace-only path
(pass) listDir > rejects non-string inputs
(pass) listDir > rejects a relative path instead of resolving it against the cwd
(pass) listDir > rejects a path that does not exist [0.19ms]
(pass) listDir > rejects a file instead of listing it as a directory [0.06ms]
(pass) listDir > expands `~` to the home directory [0.56ms]
(pass) listDir > rejects when the caller's AbortSignal is already aborted [0.03ms]
(pass) project files > lists folders first, hides git and packages, keeps other dotfiles [0.48ms]
(pass) project files > returns root-relative paths for nested folders [0.16ms]
(pass) project files > refuses to list or read outside the project [0.40ms]
(pass) project files > reads text, flags binary, and caps large files [0.74ms]
(pass) project files > refuses to read a directory [0.08ms]
(pass) project files > writes project files safely and refuses writing outside [0.60ms]
(pass) project files > refuses to write through a symlink pointing outside the project [0.08ms]
(pass) project files > keeps a restricted file mode across an atomic write [0.48ms]

src/modules/git/stash.test.ts:
(pass) stash > push saves a stash, drop removes it [244.98ms]
(pass) stash > message with a colon survives untouched [151.12ms]
(pass) stash > overlapping pushes serialize without an index.lock error [186.76ms]

src/modules/git/worktreeCleanup.test.ts:
(pass) collectSubtreeWorktrees > dedupes a directory siblings share and drops threads with none [0.64ms]
[git] could not list worktrees for deleted thread 'parent': db is gone
(pass) collectSubtreeWorktrees > an unreadable store collects nothing rather than failing the delete [0.15ms]
(pass) removeCollectedWorktrees > removes what nothing references and leaves what something does [0.24ms]
[git] could not remove worktree '/wt/first': git said no
(pass) removeCollectedWorktrees > a failure on one directory never stops the next [0.13ms]
[git] could not check references to '/wt/unknown': db is gone
(pass) removeCollectedWorktrees > an unreadable reference check keeps the directory [0.04ms]
(pass) removeCollectedWorktrees > a directory outside the managed root is never removed [0.03ms]
(pass) removeCollectedWorktrees > nothing to do resolves without touching git or the root [0.03ms]

src/modules/git/mutationLock.test.ts:
(pass) withRepoMutation > same cwd: overlapping calls never run fn concurrently, FIFO [50.02ms]
(pass) withRepoMutation > same-repo subdirectory shares the queue via git-common-dir [60.17ms]
(pass) withRepoMutation > different directories overlap in time [18.49ms]
(pass) withRepoMutation > a thrown fn still releases the queue [25.83ms]
(pass) withRepoMutation > queue cap refuses the 65th waiter [194.77ms]

src/modules/git/history.test.ts:
(pass) branches > marks a local branch with a slash as local, not remote [241.34ms]
(pass) commitDetail files > pairs statuses with line counts across awkward paths [172.65ms]
(pass) commitDetail files > reports a rename with the path it came from [143.71ms]

src/modules/git/threadPullRequestCheck.test.ts:
(pass) checkThreadPullRequest > an explicit link is looked up by its full identity, never the local repo [0.53ms]
(pass) checkThreadPullRequest > an explicit link that cannot be resolved is unknown, not the branch PR
(pass) checkThreadPullRequest > a throwing linked lookup is unknown
(pass) checkThreadPullRequest > a thread with no link uses the branch PR
(pass) checkThreadPullRequest > a branch lookup error is unknown (fail closed)
(pass) checkThreadPullRequest > an unavailable branch lookup is unknown, not known-empty
(pass) checkThreadPullRequest > a branch with no PR is known-empty, not unknown

src/modules/git/worktreePaths.test.ts:
(pass) branchSegmentOrNull > is null when nothing survives, where the path form falls back [0.09ms]
(pass) sanitizeBranchSegment > flattens a namespaced branch into one component
(pass) sanitizeBranchSegment > lowercases, strips quotes, and collapses runs
(pass) sanitizeBranchSegment > never returns an empty string
(pass) sanitizeBranchSegment > caps length without leaving a trailing separator
(pass) generated branch names > a generated name is recognized, a person's is not
(pass) generated branch names > two calls do not collide [0.19ms]
(pass) worktreeDirFor > groups by repository and names by branch [0.02ms]
(pass) worktreeDirFor > branches that differ only in case get different directories [0.30ms]
(pass) worktreeDirFor > branches that sanitize alike get different directories
(pass) worktreeDirFor > the same project and branch always resolve to the same directory
(pass) worktreeDirFor > the same branch in two projects does not collide
(pass) worktreeDirFor > aliased spellings of one checkout share a digest and a directory [0.76ms]
(pass) worktreeDirFor > lands outside the project it came from [0.04ms]
(pass) isInsideWorktreesRoot > accepts a directory under the root [0.04ms]
(pass) isInsideWorktreesRoot > refuses the root itself [0.02ms]
(pass) isInsideWorktreesRoot > refuses anything outside, including a traversal and a prefix match [0.06ms]
(pass) isInsideWorktreesRoot > an aliased root still contains its directories [0.35ms]

src/modules/git/projectScripts.test.ts:
(pass) tailOutput > passes short output through [0.46ms]
(pass) tailOutput > keeps the tail and marks the cut [0.07ms]
(pass) runProjectScript > runs a command and returns its output [21.96ms]
(pass) runProjectScript > reports a non-zero exit as data [17.71ms]
(pass) runProjectScript > captures stderr too [18.36ms]
(pass) runProjectScript > kills a command that overruns its timeout [151.78ms]
(pass) runProjectScript > treats a blank command as a no-op [0.09ms]
(pass) runProjectScript > clips very long output to the tail [21.26ms]

src/modules/git/sync.test.ts:
(pass) fetch > skips a repo with no remotes instead of failing [196.00ms]
(pass) fetch > fetches from an existing origin [286.95ms]
(pass) isAuthFailure > classifies credential errors [0.12ms]
(pass) isAuthFailure > does not classify non-credential errors [0.02ms]
(pass) classifyNetworkError > classifies credential errors as AUTH_FAILURE [0.02ms]
(pass) classifyNetworkError > classifies transport/offline errors as NETWORK [0.04ms]
(pass) classifyNetworkError > leaves non-network, non-auth errors unclassified [0.02ms]
(pass) rewordNetworkError > rewrites an auth GitError with an AUTH_FAILURE kind [0.08ms]
(pass) rewordNetworkError > rewrites a network GitError with a NETWORK kind [0.02ms]
(pass) rewordNetworkError > passes an unclassified GitError through unchanged [0.02ms]
(pass) rewordNetworkError > rewraps a non-GitError without a kind [0.02ms]

src/modules/git/github.test.ts:
(pass) branchPullRequest outcome > a repo with no GitHub remote reports the lookup unavailable, not no-PR [211.25ms]
(pass) branchPullRequest outcome > a failed repository resolution is unavailable, not a known-empty PR list [994.36ms]
(pass) classifyGhError > maps gh auth failures to NOT_AUTHENTICATED [0.02ms]
(pass) classifyGhError > maps missing-remote failures to NO_GITHUB_REMOTE [0.01ms]
(pass) classifyGhError > maps missing-PR failures to NOT_FOUND
(pass) classifyGhError > maps connection failures to NETWORK [0.12ms]
(pass) classifyGhError > returns null for unrecognized stderr lines [0.01ms]
(pass) status (record parsing) > handles empty stdout and corrupt JSON without crashing [986.81ms]
(pass) status (record parsing) > parses active user from hosts payload [324.95ms]
(pass) me (record parsing) > maps a gh user record onto the flat shape [334.02ms]
(pass) me (record parsing) > a non-object answer reads as no user, never a crash [306.83ms]
(pass) me (record parsing) > a record without a login reads as no user [333.26ms]
(pass) me (record parsing) > empty or corrupt stdout reads as null, never throws [720.05ms]
(pass) repo (record parsing) > maps stargazerCount and forkCount to stars and forks [331.21ms]
(pass) repo (record parsing) > empty stdout reads as null [355.12ms]
(pass) prs (record parsing) > maps headRefName and baseRefName to branch and base [353.28ms]
(pass) prs (record parsing) > empty stdout returns empty list [336.90ms]
(pass) prs (record parsing) > throws GitError on non-array responses [338.82ms]
(pass) prDetail (record parsing) > maps milestone title and handles nullable isMinimized comments [1111.03ms]
(pass) prDetail (record parsing) > empty stdout reads as null [301.92ms]
(pass) contributors & commitAuthors (tolerant decoding) > contributors tolerates malformed rows and filters non-users [327.17ms]
(pass) contributors & commitAuthors (tolerant decoding) > contributors returns null on empty stdout [328.81ms]
(pass) contributors & commitAuthors (tolerant decoding) > commitAuthors tolerates malformed rows [629.95ms]
(pass) contributors & commitAuthors (tolerant decoding) > commitAuthors returns null on empty stdout [320.12ms]

src/modules/git/mutations.test.ts:
(pass) checkout > creates an attached local branch tracking the selected remote [234.31ms]
(pass) checkout > preserves an existing local branch and its commits [228.75ms]
(pass) checkout > a conflicting edit blocks the switch without creating a local branch [212.39ms]
(pass) checkout > uses the selected remote when multiple remotes have the same branch [233.60ms]
(pass) checkout > switches local branches with slashes and rejects missing branches [262.96ms]
(pass) createBranch > creates the branch and switches to it [196.70ms]
(pass) createBranch > rolls the branch back when the checkout fails [183.29ms]
(pass) createBranch > without checkout the branch stays (nothing to roll back) [169.82ms]
(pass) createBranch > never rolls back a branch it did not create [168.22ms]
(pass) stage > overlapping stages of two untracked files both land [159.63ms]
(pass) stage > overlapping stages of eight distinct files all land [328.35ms]

src/modules/git/worktreeSweep.test.ts:
(pass) what an idle worktree may lose > a clean worktree with its copied env and installed packages may go [348.27ms]
(pass) what an idle worktree may lose > uncommitted work, a changed env file or a stray ignored file keeps it [545.59ms]
(pass) what an idle worktree may lose > a directory the project lists comes along whole and does not keep the worktree [396.04ms]
(pass) what an idle worktree may lose > an env file in a nested folder does not keep the worktree [334.41ms]
(pass) what an idle worktree may lose > a directory outside kone's worktrees folder is never offered [72.82ms]
[git] removed 1 idle worktree(s)
(pass) the sweep > removes an idle worktree, keeps its branch and detaches its threads [431.90ms]
(pass) the sweep > a thread open in a column keeps its worktree, and off means off [276.91ms]

src/modules/git/worktreeProvision.test.ts:
(pass) provisionWorktree > brings the project's ignored env files into the new directory [313.34ms]
(pass) provisionWorktree > creates the worktree outside the project and leaves its branch alone [254.73ms]
(pass) provisionWorktree > two conversations get two branches, and the project stays where it was [564.76ms]
(pass) provisionWorktree > asking twice for the same branch gives the same worktree [372.90ms]
(pass) provisionWorktree > invents a branch when none is named, and marks it as ours [293.80ms]
(pass) provisionWorktree > starts the branch from an explicit base [297.42ms]
(pass) provisionWorktree > adopts a worktree the user already made on that branch [151.00ms]
(pass) provisionWorktree > moves an existing branch into a worktree instead of refusing it [260.09ms]
(pass) provisionWorktree > refuses the branch the project itself is sitting on [216.29ms]
(pass) provisionWorktree > refuses when something is already in the way, and creates nothing [361.53ms]
(pass) provisionWorktree > refuses a directory that is not a repository [12.23ms]
(pass) rollbackDirectory > unregisters a registered worktree instead of stranding it [192.17ms]
(pass) rollbackDirectory > deletes a directory git has no record of [115.15ms]
(pass) rollbackDirectory > leaves anything outside the managed root alone [71.40ms]
(pass) provisionWorktree setup progress > reports checkout stages and a skipped submodule step [235.78ms]

src/modules/git/files.test.ts:
(pass) files() > eight overlapping queries of the same repo spawn one git ls-files, not eight [88.05ms]
(pass) files() > a later query within the TTL does not spawn another ls-files [81.74ms]
(pass) files() > invalidateFileIndex drops the cached listing so a new file is visible [91.00ms]
(pass) files() > indexes for two repos do not coalesce [153.75ms]

src/modules/git/textGen.test.ts:
(pass) textGen > extractJsonObject > extracts a simple JSON object from raw text [0.40ms]
(pass) textGen > extractJsonObject > handles nested braces and strings with escaped quotes [0.03ms]
(pass) textGen > extractJsonObject > returns raw text if no JSON found [0.01ms]
(pass) textGen > sanitizeCommitSubject > removes trailing periods and clips to first line [0.06ms]
(pass) textGen > sanitizeCommitSubject > truncates subjects longer than 72 characters [0.01ms]
(pass) textGen > sanitizeCommitSubject > returns fallback for empty string
(pass) textGen > sanitizeBranchFragment > converts strings to safe git branch slugs [0.02ms]
(pass) textGen > deriveFallbackCommitSubject > derives Add for single added file [0.05ms]
(pass) textGen > deriveFallbackCommitSubject > derives Remove for single deleted file
(pass) textGen > deriveFallbackCommitSubject > derives Rename for single renamed file
(pass) textGen > deriveFallbackCommitSubject > derives Update for single modified file
(pass) textGen > deriveFallbackCommitSubject > derives directory summary for multiple files in same folder
(pass) textGen > createFallbackCommitSuggestion > builds fallback suggestion with branch if requested
(pass) textGen > buildCommitPrompt > includes branch, summary, and patch in prompt

src/modules/git/worktreeBase.test.ts:
(pass) freshestBase > a copy that is only behind starts from the remote's latest [517.16ms]
(pass) freshestBase > with no branch named, the project's current branch is freshened [472.25ms]
(pass) freshestBase > a copy with commits the remote lacks keeps them [459.12ms]
(pass) freshestBase > an up-to-date copy changes nothing and says nothing [449.48ms]
(pass) freshestBase > a branch with no remote copy starts from the local one, quietly [291.49ms]
(pass) freshestBase > an unreachable remote falls back to the local copy and says why [322.68ms]
(pass) freshestBase > outside a repository there is nothing to freshen [11.13ms]

src/modules/git/state.test.ts:
(pass) repoState conflicts > names a conflicted file exactly as the change list does [240.70ms]
(pass) repoState conflicts > keeps a filename's leading and trailing spaces [194.90ms]
(pass) repoState conflicts > reports no conflicts on a clean repo [100.10ms]

src/modules/git/watch.test.ts:
(pass) watchStatus invalidates the file index > a linked worktree's branch rename is reported without waiting for a poll [403.51ms]
(pass) watchStatus invalidates the file index > a newly created file is visible to files() after the watcher fires, without waiting out the index TTL [370.90ms]
(pass) watchStatus invalidates the file index > a write inside node_modules does not fire onStatus [1031.89ms]

src/modules/git/worktreeInclude.test.ts:
(pass) private files > ignored env files come along with no list at all [88.63ms]
(pass) private files > a file git would track is never a candidate [77.83ms]
(pass) private files > .worktreeinclude adds files, directories and paths inside ignored directories [96.90ms]
(pass) private files > the list reads the way a .gitignore does: classes, escapes and a ! taking one back [97.47ms]
(pass) private files > a character class in the list picks only what it names [100.40ms]
(pass) private files > an env file inside an untracked directory comes along without the directory [96.07ms]
(pass) private files > a listed directory a tool regenerates copies whole, and nothing inside is walked otherwise [122.14ms]
(pass) private files > copies into the new directory and leaves what is already there alone [105.75ms]
[git] could not list private files for the new worktree: 22 |     /** Semantic failure kind, when the caller can classify the error. Carried
23 |      *  in the message as a "[kone:…]" marker so it survives IPC serialization —
24 |      *  see ipcError.ts. */
25 |     readonly kind: IpcErrorKind | null = null,
26 |   ) {
27 |     super(kind ? markKind(kind, message) : message);
         ^
GitError: fatal: not a git repository (or any of the parent directories): .git
   code: 128,
 stdout: "",
   kind: null,

      at new GitError (/Users/gideonsarfo/Developer/kone-wt/p6-queue/packages/git-core/src/core.ts:27:5)
      at git (/Users/gideonsarfo/Developer/kone-wt/p6-queue/packages/git-core/src/core.ts:140:11)

(pass) private files > a directory that is not a repository copies nothing and does not throw [12.34ms]

src/modules/git/worktree.test.ts:
(pass) parseWorktreePorcelain > reads a branch record and a detached one
(pass) parseWorktreePorcelain > keeps a lock reason containing a newline intact
(pass) parseWorktreePorcelain > a lock with no reason is still locked [0.11ms]
(pass) parseWorktreePorcelain > a bare entry carries no HEAD
(pass) parseWorktreePorcelain > records a prunable reason
(pass) worktrees > lists the primary checkout first [114.63ms]
(pass) worktrees > is empty outside a repository [11.75ms]
(pass) addWorktree > creates a worktree on a new branch [230.55ms]
(pass) addWorktree > the new branch starts from the base ref, not HEAD [275.97ms]
(pass) addWorktree > refuses a branch another worktree already holds [218.22ms]
(pass) addWorktree > refuses a branch that merely exists [152.57ms]
(pass) addWorktree > refuses a non-empty directory and leaves no branch behind [186.01ms]
(pass) addWorktree > accepts an existing empty directory [193.14ms]
(pass) addWorktree > rejects a relative path before touching git [90.70ms]
(pass) addWorktree > rejects a base ref that does not resolve [96.07ms]
(pass) removeWorktree > removes a clean worktree [292.66ms]
(pass) removeWorktree > refuses a dirty worktree until forced [280.71ms]
(pass) removeWorktree > a single force does not remove a locked worktree [247.24ms]
(pass) removeWorktree > refuses the main working tree [97.76ms]
(pass) removeWorktree > works when called from inside the worktree being removed [285.20ms]
(pass) removeWorktree > reclaims a generated branch, leaving no ref behind [353.19ms]
(pass) removeWorktree > leaves a user-named branch behind, even when asked to reclaim [311.17ms]
(pass) removeWorktree > leaves a generated branch behind without the reclaim flag [264.07ms]
(pass) removeWorktree > a failed removal never fails on the reclaim [258.86ms]
(pass) pruneWorktrees > unregisters a worktree whose directory is gone, immediately [285.27ms]
(pass) pruneWorktrees > leaves an intact worktree alone [320.02ms]
(pass) isLinkedWorktree > true for a linked worktree, false for its primary checkout [219.48ms]
(pass) isLinkedWorktree > false for a submodule, whose .git file has the same shape [71.59ms]
(pass) isLinkedWorktree > false for a directory merely named like a worktrees root [71.44ms]
(pass) isLinkedWorktree > false where there is no .git at all [0.27ms]

src/modules/git/stacked.test.ts:
(pass) runStackedAction > commits already staged changes and returns sha [172.94ms]
(pass) runStackedAction > stages selective filePaths and commits only those files [149.46ms]
(pass) runStackedAction > creates feature branch when requested and commits onto it [190.08ms]

src/modules/git/worktreeBranchName.test.ts:
(pass) branch names from titles > a title becomes a branch-safe slug
(pass) branch names from titles > a title with nothing a branch can carry gives no slug [0.34ms]
(pass) branch names from titles > a title that is just the word update is still a slug
(pass) renaming a worktree's placeholder branch > the placeholder takes the title's name, and stays kone's [356.20ms]
(pass) renaming a worktree's placeholder branch > a name already taken gets a number [378.87ms]
(pass) renaming a worktree's placeholder branch > a branch someone named is left alone [349.08ms]
(pass) renaming a worktree's placeholder branch > removing the worktree reclaims the renamed branch like the placeholder [478.97ms]
(pass) renaming a worktree's placeholder branch > a branch the user renames afterwards is theirs, and removal keeps it [429.89ms]
(pass) renaming a placeholder that already left the repo > a pushed placeholder with an upstream keeps its name [410.55ms]
(pass) regenerating a title-named branch > a branch kone named from a title can be named again [478.54ms]
(pass) regenerating a title-named branch > a branch a person named is still left alone [300.82ms]

 430 pass
 0 fail
 907 expect() calls
Ran 430 tests across 40 files. [47.53s]
# exit=0
